// Jest Snapshot v1, https://goo.gl/fbAQLP

exports[`timeline bullet markup matches snapshot 1`] = `
<ul
  class=" relative ml-3 space-y-8 pl-5 before:absolute before:inset-y-0 before:left-2 before:w-px before:bg-gray-200"
>
  <li
    class="relative text-xs sm:text-sm"
  >
    <div
      class="absolute -left-5 top-[0.25rem] w-4 h-4 flex items-center justify-center rounded-full bg-green-500 z-10"
    >
      <svg
        aria-hidden="true"
        class="w-3 h-3 text-white"
        fill="currentColor"
        height="1em"
        viewBox="0 0 256 256"
        width="1em"
        xmlns="http://www.w3.org/2000/svg"
      >
        <rect
          fill="none"
          height="256"
          width="256"
        />
        <line
          fill="none"
          stroke="currentColor"
          stroke-linecap="round"
          stroke-linejoin="round"
          stroke-width="16"
          x1="112"
          x2="176"
          y1="112"
          y2="112"
        />
        <line
          fill="none"
          stroke="currentColor"
          stroke-linecap="round"
          stroke-linejoin="round"
          stroke-width="16"
          x1="112"
          x2="176"
          y1="144"
          y2="144"
        />
        <rect
          fill="none"
          height="176"
          rx="8"
          stroke="currentColor"
          stroke-linecap="round"
          stroke-linejoin="round"
          stroke-width="16"
          width="176"
          x="40"
          y="40"
        />
        <line
          fill="none"
          stroke="currentColor"
          stroke-linecap="round"
          stroke-linejoin="round"
          stroke-width="16"
          x1="80"
          x2="80"
          y1="40"
          y2="216"
        />
      </svg>
    </div>
    <div
      class="flex items-start bg-gray-50 dark:bg-gray-700 rounded-xl p-3 shadow-sm"
    >
      <div>
        <span
          class="font-medium"
        >
          July 2, 2025
        </span>
         â€” 
        Watered
        <div
          class="text-xs italic text-green-700 mt-1"
        >
          deep soak
        </div>
      </div>
    </div>
  </li>
</ul>
`;
