// Jest Snapshot v1, https://goo.gl/fbAQLP

exports[`matches snapshot in dark mode 1`] = `
<div
  aria-label="Plant card for Aloe Vera"
  class="relative overflow-hidden group focus:outline-none focus-visible:ring-2 focus-visible:ring-offset-2 focus-visible:ring-blue-500"
  data-testid="card-wrapper"
  tabindex="0"
>
  <div
    class="absolute inset-0 flex justify-between items-center px-4 transition
        pointer-events-none opacity-0
        group-hover:opacity-100 group-hover:pointer-events-auto group-hover:animate-fade-in-up
        group-focus-within:opacity-100 group-focus-within:pointer-events-auto group-focus-within:animate-fade-in-up
        "
  >
    <button
      class="bg-blue-600 hover:bg-blue-700 text-white px-2 py-1 rounded pointer-events-auto relative overflow-hidden flex items-center gap-1"
    >
      <svg
        aria-hidden="true"
        class="w-4 h-4"
        fill="currentColor"
        height="1em"
        viewBox="0 0 256 256"
        width="1em"
        xmlns="http://www.w3.org/2000/svg"
      >
        <rect
          fill="none"
          height="256"
          width="256"
        />
        <path
          d="M208,144c0-72-80-128-80-128S48,72,48,144a80,80,0,0,0,160,0Z"
          fill="none"
          stroke="currentColor"
          stroke-linecap="round"
          stroke-linejoin="round"
          stroke-width="16"
        />
        <path
          d="M136.1,191.2a47.9,47.9,0,0,0,39.2-39.1"
          fill="none"
          stroke="currentColor"
          stroke-linecap="round"
          stroke-linejoin="round"
          stroke-width="16"
        />
      </svg>
      Water
    </button>
    <div
      class="flex gap-2"
    >
      <button
        class="bg-blue-600 text-white px-2 py-1 rounded pointer-events-auto relative overflow-hidden font-body text-sm flex items-center gap-1"
      >
        <svg
          aria-hidden="true"
          class="w-4 h-4"
          fill="currentColor"
          height="1em"
          viewBox="0 0 256 256"
          width="1em"
          xmlns="http://www.w3.org/2000/svg"
        >
          <rect
            fill="none"
            height="256"
            width="256"
          />
          <path
            d="M96,216H48a8,8,0,0,1-8-8V163.3a7.9,7.9,0,0,1,2.3-5.6l120-120a8,8,0,0,1,11.4,0l44.6,44.6a8,8,0,0,1,0,11.4Z"
            fill="none"
            stroke="currentColor"
            stroke-linecap="round"
            stroke-linejoin="round"
            stroke-width="16"
          />
          <line
            fill="none"
            stroke="currentColor"
            stroke-linecap="round"
            stroke-linejoin="round"
            stroke-width="16"
            x1="216"
            x2="96"
            y1="216"
            y2="216"
          />
          <line
            fill="none"
            stroke="currentColor"
            stroke-linecap="round"
            stroke-linejoin="round"
            stroke-width="16"
            x1="136"
            x2="192"
            y1="64"
            y2="120"
          />
        </svg>
        Edit
      </button>
      <button
        class="bg-red-600 text-white px-2 py-1 rounded pointer-events-auto relative overflow-hidden font-body text-sm flex items-center gap-1"
      >
        <svg
          aria-hidden="true"
          class="w-4 h-4"
          fill="currentColor"
          height="1em"
          viewBox="0 0 256 256"
          width="1em"
          xmlns="http://www.w3.org/2000/svg"
        >
          <rect
            fill="none"
            height="256"
            width="256"
          />
          <line
            fill="none"
            stroke="currentColor"
            stroke-linecap="round"
            stroke-linejoin="round"
            stroke-width="16"
            x1="216"
            x2="40"
            y1="56"
            y2="56"
          />
          <line
            fill="none"
            stroke="currentColor"
            stroke-linecap="round"
            stroke-linejoin="round"
            stroke-width="16"
            x1="104"
            x2="104"
            y1="104"
            y2="168"
          />
          <line
            fill="none"
            stroke="currentColor"
            stroke-linecap="round"
            stroke-linejoin="round"
            stroke-width="16"
            x1="152"
            x2="152"
            y1="104"
            y2="168"
          />
          <path
            d="M200,56V208a8,8,0,0,1-8,8H64a8,8,0,0,1-8-8V56"
            fill="none"
            stroke="currentColor"
            stroke-linecap="round"
            stroke-linejoin="round"
            stroke-width="16"
          />
          <path
            d="M168,56V40a16,16,0,0,0-16-16H104A16,16,0,0,0,88,40V56"
            fill="none"
            stroke="currentColor"
            stroke-linecap="round"
            stroke-linejoin="round"
            stroke-width="16"
          />
        </svg>
        Delete
      </button>
    </div>
  </div>
  <div
    class="bg-white dark:bg-gray-700 rounded-2xl shadow-sm p-4 "
    style="transform: translateX(0px); transition: transform 0.2s;"
  >
    <a
      class="block mb-2"
      href="/plant/1"
    >
      <img
        alt="Aloe Vera"
        class="w-full h-48 object-cover rounded-xl"
        loading="lazy"
        src="test.jpg"
      />
      <h2
        class="font-bold text-[1.1rem] font-headline mt-2"
      >
        Aloe Vera
      </h2>
    </a>
    <p
      class="text-sm text-green-700 font-medium font-body"
    >
      Next: 
      2024-05-07
    </p>
    <button
      class="mt-2 px-3 py-1 bg-green-100 text-green-700 rounded hover:bg-green-200 transition relative overflow-hidden font-body text-sm flex items-center gap-1"
    >
      <svg
        aria-hidden="true"
        class="w-4 h-4"
        fill="currentColor"
        height="1em"
        viewBox="0 0 256 256"
        width="1em"
        xmlns="http://www.w3.org/2000/svg"
      >
        <rect
          fill="none"
          height="256"
          width="256"
        />
        <path
          d="M208,144c0-72-80-128-80-128S48,72,48,144a80,80,0,0,0,160,0Z"
          fill="none"
          stroke="currentColor"
          stroke-linecap="round"
          stroke-linejoin="round"
          stroke-width="16"
        />
        <path
          d="M136.1,191.2a47.9,47.9,0,0,0,39.2-39.1"
          fill="none"
          stroke="currentColor"
          stroke-linecap="round"
          stroke-linejoin="round"
          stroke-width="16"
        />
      </svg>
      Watered
    </button>
  </div>
</div>
`;
