// Jest Snapshot v1, https://goo.gl/fbAQLP

exports[`matches snapshot in dark mode 1`] = `
<div
  class="  "
>
  <div
    aria-label="Task card for Monstera"
    class="relative overflow-hidden min-h-[130px] rounded-xl"
    data-testid="task-card"
    tabindex="0"
  >
    <div
      class="relative flex items-center gap-4 shadow-md bg-white dark:bg-gray-700 ring-2 ring-green-300 dark:ring-green-400"
      style="transform: translateX(0px); transition: transform 0.2s;"
    >
      <div
        class="flex items-center flex-1 gap-4"
      >
        <div
          class="w-16 h-16 rounded-full flex items-center justify-center bg-green-50 dark:bg-gray-800 ring-2 ring-water-300"
        >
          <img
            alt="Monstera"
            class="w-12 h-12 rounded-full object-cover"
            src="https://images.pexels.com/photos/5699660/pexels-photo-5699660.jpeg"
          />
        </div>
        <div
          aria-hidden="true"
          class="w-px self-stretch bg-gray-200 dark:bg-gray-600"
        />
        <div
          class="flex-1 min-w-0"
        >
          <div
            class="flex items-center justify-between gap-2"
          >
            <p
              class="font-semibold text-lg text-gray-900 dark:text-gray-100 truncate"
            >
              Monstera
            </p>
          </div>
          <div
            class="text-sm flex flex-wrap items-center gap-1 text-gray-400 mt-0.5"
          >
            <span
              class="inline-flex items-center gap-1 px-2 py-0.5 rounded-full shadow-sm text-sm font-medium bg-water-100/90 text-water-800"
            >
              <svg
                aria-hidden="true"
                class="w-3 h-3"
                fill="currentColor"
                height="1em"
                viewBox="0 0 256 256"
                width="1em"
                xmlns="http://www.w3.org/2000/svg"
              >
                <rect
                  fill="none"
                  height="256"
                  width="256"
                />
                <path
                  d="M208,144c0-72-80-128-80-128S48,72,48,144a80,80,0,0,0,160,0Z"
                  fill="none"
                  stroke="currentColor"
                  stroke-linecap="round"
                  stroke-linejoin="round"
                  stroke-width="16"
                />
                <path
                  d="M136.1,191.2a47.9,47.9,0,0,0,39.2-39.1"
                  fill="none"
                  stroke="currentColor"
                  stroke-linecap="round"
                  stroke-linejoin="round"
                  stroke-width="16"
                />
              </svg>
              To Water
            </span>
            <span
              class="text-xs text-gray-400"
            >
              9
               
              days
               since care
            </span>
          </div>
        </div>
      </div>
      <div
        class="mt-2"
      >
        <span
          aria-label="Evapotranspiration (ET₀): N/A mm | Last watered 9 days ago"
          class="px-2 py-0.5 text-sm rounded-xl bg-gray-200 dark:bg-gray-600 text-gray-800 dark:text-gray-100 opacity-70"
          title="Evapotranspiration (ET₀) is water lost from soil and plants"
        >
          Evapotranspiration (ET₀): 
          —
           mm | Last watered 
          9
           days ago
        </span>
      </div>
    </div>
  </div>
</div>
`;
