// Jest Snapshot v1, https://goo.gl/fbAQLP

exports[`matches snapshot in dark mode 1`] = `
<div
  class="relative rounded-2xl border border-neutral-200 dark:border-gray-600 shadow-sm overflow-hidden bg-gray-50 dark:bg-gray-800"
  data-testid="unified-task-card"
  style="transform: translateX(0px); transition: transform 0.2s;"
>
  <div
    class="flex items-center gap-4 p-4"
  >
    <div
      class="w-14 h-14 rounded-full flex items-center justify-center shadow-sm bg-neutral-100 dark:bg-gray-700"
    >
      <img
        alt="Fern"
        class="w-12 h-12 rounded-full object-cover"
        src="fern.jpg"
      />
    </div>
    <div
      class="flex-1 min-w-0"
    >
      <div
        class="flex items-center justify-between"
      >
        <p
          class="font-semibold font-headline text-gray-900 dark:text-gray-100 truncate"
        >
          Fern
        </p>
      </div>
      <div
        class="flex items-center gap-2 mt-1"
      >
        <span
          class="inline-flex items-center gap-1 rounded-full font-medium px-2 py-0.5 text-badge bg-water-100/90 text-water-800"
        >
          <svg
            aria-hidden="true"
            class="w-3 h-3"
            fill="currentColor"
            height="1em"
            viewBox="0 0 256 256"
            width="1em"
            xmlns="http://www.w3.org/2000/svg"
          >
            <rect
              fill="none"
              height="256"
              width="256"
            />
            <path
              d="M208,144c0-72-80-128-80-128S48,72,48,144a80,80,0,0,0,160,0Z"
              fill="none"
              stroke="currentColor"
              stroke-linecap="round"
              stroke-linejoin="round"
              stroke-width="16"
            />
            <path
              d="M136.1,191.2a47.9,47.9,0,0,0,39.2-39.1"
              fill="none"
              stroke="currentColor"
              stroke-linecap="round"
              stroke-linejoin="round"
              stroke-width="16"
            />
          </svg>
          Water
        </span>
      </div>
      <p
        class="text-timestamp text-gray-500"
      >
        Last cared for 
        3 days ago
      </p>
    </div>
  </div>
  <div
    class="border-t border-neutral-200 dark:border-gray-600 px-4 py-2"
  >
    <button
      class="px-3 py-1 bg-green-600 text-white rounded-md text-sm font-medium flex items-center gap-1"
      type="button"
    >
      <svg
        aria-hidden="true"
        class="w-4 h-4"
        fill="currentColor"
        height="1em"
        viewBox="0 0 256 256"
        width="1em"
        xmlns="http://www.w3.org/2000/svg"
      >
        <rect
          fill="none"
          height="256"
          width="256"
        />
        <polyline
          fill="none"
          points="172 104 113.3 160 84 132"
          stroke="currentColor"
          stroke-linecap="round"
          stroke-linejoin="round"
          stroke-width="16"
        />
        <circle
          cx="128"
          cy="128"
          fill="none"
          r="96"
          stroke="currentColor"
          stroke-linecap="round"
          stroke-linejoin="round"
          stroke-width="16"
        />
      </svg>
      Mark as Done
    </button>
  </div>
</div>
`;
